#
# A fatal error has been detected by the Java Runtime Environment:
#
#  EXCEPTION_ACCESS_VIOLATION (0xc0000005) at pc=0x00007ff9db0c4fc8, pid=40248, tid=32608
#
# JRE version: OpenJDK Runtime Environment Temurin-21.0.5+11 (21.0.5+11) (build 21.0.5+11-LTS)
# Java VM: OpenJDK 64-Bit Server VM Temurin-21.0.5+11 (21.0.5+11-LTS, mixed mode, sharing, tiered, compressed oops, compressed class ptrs, g1 gc, windows-amd64)
# Problematic frame:
# srcscan starts
=============== Using vdb files for VHDL std libs ===========
INFO: VHDL library search path for library "std" is now "C:/AMDDesignTools/2025.2/Vivado/data/precomp_hsv/vhdl/std" (VHDL-1505)
INFO: VHDL library search path for library "synopsys" is now "C:/AMDDesignTools/2025.2/Vivado/data/precomp_hsv/vhdl/synopsys" (VHDL-1505)
INFO: VHDL library search path for library "ieee" is now "C:/AMDDesignTools/2025.2/Vivado/data/precomp_hsv/vhdl/ieee" (VHDL-1505)
INFO: VHDL library search path for library "unimacro" is now "C:/AMDDesignTools/2025.2/Vivado/data/precomp_hsv/vhdl/unimacro" (VHDL-1505)
INFO: VHDL library search path for library "unisim" is now "C:/AMDDesignTools/2025.2/Vivado/data/precomp_hsv/vhdl/unisim" (VHDL-1505)
INFO: VHDL library search path for library "vl" is now "C:/AMDDesignTools/2025.2/Vivado/data/precomp_hsv/vhdl/vl" (VHDL-1505)
INFO: VHDL library search path for library "xpm" is now "C:/AMDDesignTools/2025.2/Vivado/data/precomp_hsv/vhdl/xpm" (VHDL-1505)
-- Analyzing VHDL file "C:/Users/User/Desktop/normal_process/normal_process/normal_process.srcs/sources_1/new/adders.vhd" into library xil_defaultlib (VHDL-9003)
INFO: analyzing package 'Adders'

-- Analyzing VHDL file "C:/Users/User/Desktop/normal_process/normal_process/normal_process.srcs/sources_1/new/BusDefinitions.vhd" into library xil_defaultlib (VHDL-9003)
INFO: analyzing package 'BusDefinitions'

-- Analyzing VHDL file "C:/Users/User/Desktop/normal_process/normal_process/normal_process.srcs/sources_1/new/Add_Sub_4.vhd" into library xil_defaultlib (VHDL-9003)
INFO: analyzing entity 'Add_Sub_4_bit' (VHDL-1012)
INFO: analyzing architecture 'Behavioral' of entity 'add_sub_4_bit' (VHDL-9006)
-- Analyzing VHDL file "C:/Users/User/Desktop/normal_process/normal_process/normal_process.srcs/sources_1/new/Address_Selector.vhd" into library xil_defaultlib (VHDL-9003)
INFO: analyzing entity 'Address_Selector' (VHDL-1012)
INFO: analyzing architecture 'Behavioral' of entity 'address_selector' (VHDL-9006)
-- Analyzing VHDL file "C:/Users/User/Desktop/normal_process/normal_process/normal_process.srcs/sources_1/new/FA.vhd" into library xil_defaultlib (VHDL-9003)
INFO: analyzing entity 'FA' (VHDL-1012)
INFO: analyzing architecture 'Behavioral' of entity 'fa' (VHDL-9006)
-- Analyzing VHDL file "C:/Users/User/Desktop/normal_process/normal_process/normal_process.srcs/sources_1/new/HA.vhd" into library xil_defaultlib (VHDL-9003)
INFO: analyzing entity 'HA' (VHDL-1012)
INFO: analyzing architecture 'Behavioral' of entity 'ha' (VHDL-9006)
-- Analyzing VHDL file "C:/Users/User/Desktop/normal_process/normal_process/normal_process.srcs/sources_1/new/LUT_16_7.vhd" into library xil_defaultlib (VHDL-9003)
INFO: analyzing entity 'LUT_16_7' (VHDL-1012)
INFO: analyzing architecture 'Behavioral' of entity 'lut_16_7' (VHDL-9006)
-- Analyzing VHDL file "C:/Users/User/Desktop/normal_process/normal_process/normal_process.srcs/sources_1/new/Load_Selector.vhd" into library xil_defaultlib (VHDL-9003)
INFO: analyzing entity 'Load_Selector' (VHDL-1012)
INFO: analyzing architecture 'Behavioral' of entity 'load_selector' (VHDL-9006)
-- Analyzing VHDL file "C:/Users/User/Desktop/normal_process/normal_process/normal_process.srcs/sources_1/new/Mux_2way_3bit.vhd" into library xil_defaultlib (VHDL-9003)
INFO: analyzing entity 'Mux_2way_3bit' (VHDL-1012)
INFO: analyzing architecture 'Behavioral' of entity 'mux_2way_3bit' (VHDL-9006)
-- Analyzing VHDL file "C:/Users/User/Desktop/normal_process/normal_process/normal_process.srcs/sources_1/new/Mux_2way_4bit.vhd" into library xil_defaultlib (VHDL-9003)
INFO: analyzing entity 'Mux_2way_4bit' (VHDL-1012)
INFO: analyzing architecture 'Behavioral' of entity 'mux_2way_4bit' (VHDL-9006)
-- Analyzing VHDL file "C:/Users/User/Desktop/normal_process/normal_process/normal_process.srcs/sources_1/new/Mux_8way_4bit.vhd" into library xil_defaultlib (VHDL-9003)
INFO: analyzing entity 'Mux_8way_4bit' (VHDL-1012)
INFO: analyzing architecture 'Behavioral' of entity 'mux_8way_4bit' (VHDL-9006)
-- Analyzing VHDL file "C:/Users/User/Desktop/normal_process/normal_process/normal_process.srcs/sources_1/new/PC_Adder.vhd" into library xil_defaultlib (VHDL-9003)
INFO: analyzing entity 'PC_Adder' (VHDL-1012)
INFO: analyzing architecture 'Behavioral' of entity 'pc_adder' (VHDL-9006)
-- Analyzing VHDL file "C:/Users/User/Desktop/normal_process/normal_process/normal_process.srcs/sources_1/new/RCA_3.vhd" into library xil_defaultlib (VHDL-9003)
INFO: analyzing entity 'RCA_3' (VHDL-1012)
INFO: analyzing architecture 'Behavioral' of entity 'rca_3' (VHDL-9006)
-- Analyzing VHDL file "C:/Users/User/Desktop/normal_process/normal_process/normal_process.srcs/sources_1/new/RCA_4.vhd" into library xil_defaultlib (VHDL-9003)
INFO: analyzing entity 'RCA_4' (VHDL-1012)
INFO: analyzing architecture 'Behavioral' of entity 'rca_4' (VHDL-9006)
-- Analyzing VHDL file "C:/Users/User/Desktop/normal_process/normal_process/normal_process.srcs/sources_1/new/RegisterData_Multiplexer.vhd" into library xil_defaultlib (VHDL-9003)
INFO: analyzing entity 'RegisterData_Multiplexer' (VHDL-1012)
INFO: analyzing architecture 'Behavioral' of entity 'registerdata_multiplexer' (VHDL-9006)
-- Analyzing VHDL file "C:/Users/User/Desktop/normal_process/normal_process/normal_process.srcs/sources_1/new/Slow_Clk.vhd" into library xil_defaultlib (VHDL-9003)
INFO: analyzing entity 'Slow_Clk' (VHDL-1012)
INFO: analyzing architecture 'Behavioral' of entity 'slow_clk' (VHDL-9006)
-- Analyzing VHDL file "C:/Users/User/Desktop/normal_process/normal_process/normal_process.srcs/sources_1/new/NanoProcessor.vhd" into library xil_defaultlib (VHDL-9003)
INFO: analyzing entity 'NanoProcessor' (VHDL-1012)
INFO: analyzing architecture 'Behavioral' of entity 'nanoprocessor' (VHDL-9006)
-- Analyzing VHDL file "C:/Users/User/Desktop/normal_process/normal_process/normal_process.srcs/sources_1/new/Program_ROM.vhd" into library xil_defaultlib (VHDL-9003)
INFO: analyzing entity 'Program_ROM' (VHDL-1012)
INFO: analyzing architecture 'Behavioral' of entity 'program_rom' (VHDL-9006)
-- Analyzing VHDL file "C:/Users/User/Desktop/normal_process/normal_process/normal_process.srcs/sources_1/new/constants.vhd" into library xil_defaultlib (VHDL-9003)
INFO: analyzing package 'Constants'

-- Analyzing VHDL file "C:/Users/User/Desktop/normal_process/normal_process/normal_process.srcs/sources_1/new/Instruction_Decoder.vhd" into library xil_defaultlib (VHDL-9003)
INFO: analyzing entity 'Instruction_Decoder' (VHDL-1012)
INFO: analyzing architecture 'Behavioral' of entity 'instruction_decoder' (VHDL-9006)
-- Analyzing VHDL file "C:/Users/User/Desktop/normal_process/normal_process/normal_process.srcs/sources_1/new/reg_3bit.vhd" into library xil_defaultlib (VHDL-9003)
INFO: analyzing entity 'reg_3bit' (VHDL-1012)
INFO: analyzing architecture 'Behavioral' of entity 'reg_3bit' (VHDL-9006)
-- Analyzing VHDL file "C:/Users/User/AppData/Local/Temp/VivadoEditorAssist4830360479409262977.tmp" into library xil_defaultlib (VHDL-9003)
INFO: analyzing entity 'Program_Counter' (VHDL-1012)
INFO: analyzing architecture 'Behavioral' of entity 'program_counter' (VHDL-9006)
-- Analyzing VHDL file "C:/Users/User/Desktop/normal_process/normal_process/normal_process.srcs/sources_1/new/Decoder_2_to_4.vhd" into library xil_defaultlib (VHDL-9003)
INFO: analyzing entity 'Decoder_2_to_4' (VHDL-1012)
INFO: analyzing architecture 'Behavioral' of entity 'decoder_2_to_4' (VHDL-9006)
-- Analyzing VHDL file "C:/Users/User/Desktop/normal_process/normal_process/normal_process.srcs/sources_1/new/Decoder_3_to_8.vhd" into library xil_defaultlib (VHDL-9003)
INFO: analyzing entity 'Decoder_3_to_8' (VHDL-1012)
INFO: analyzing architecture 'Behavioral' of entity 'decoder_3_to_8' (VHDL-9006)
-- Analyzing VHDL file "C:/Users/User/Desktop/normal_process/normal_process/normal_process.srcs/sources_1/new/Reg.vhd" into library xil_defaultlib (VHDL-9003)
INFO: analyzing entity 'Reg' (VHDL-1012)
INFO: analyzing architecture 'Behavioral' of entity 'reg' (VHDL-9006)
-- Analyzing VHDL file "C:/Users/User/AppData/Local/Temp/VivadoEditorAssist5586301052507705582.tmp" into library xil_defaultlib (VHDL-9003)
INFO: analyzing entity 'Register_Bank' (VHDL-1012)
INFO: analyzing architecture 'Behavioral' of entity 'register_bank' (VHDL-9006)
-- Analyzing VHDL file "C:/Users/User/Desktop/normal_process/normal_process/normal_process.srcs/sim_1/new/PC_Adder_TB.vhd" into library xil_defaultlib (VHDL-9003)
INFO: analyzing entity 'PC_Adder_TB' (VHDL-1012)
INFO: analyzing architecture 'Behavioral' of entity 'pc_adder_tb' (VHDL-9006)
-- Analyzing VHDL file "C:/Users/User/Desktop/normal_process/normal_process/normal_process.srcs/sim_1/new/NanoProcessor_Debug_TB.vhd" into library xil_defaultlib (VHDL-9003)
INFO: analyzing entity 'NanoProcessor_Debug_TB' (VHDL-1012)
INFO: analyzing architecture 'Behavioral' of entity 'nanoprocessor_debug_tb' (VHDL-9006)
-- Analyzing VHDL file "C:/Users/User/Desktop/normal_process/normal_process/normal_process.srcs/sim_1/new/RegisterData_Multiplexer_TB.vhd" into library xil_defaultlib (VHDL-9003)
INFO: analyzing entity 'RegisterData_Multiplexer_TB' (VHDL-1012)
INFO: analyzing architecture 'Behavioral' of entity 'registerdata_multiplexer_tb' (VHDL-9006)
-- Analyzing VHDL file "C:/Users/User/Desktop/normal_process/normal_process/normal_process.srcs/sim_1/new/Slow_Clk_TB.vhd" into library xil_defaultlib (VHDL-9003)
INFO: analyzing entity 'Slow_Clk_TB' (VHDL-1012)
INFO: analyzing architecture 'Behavioral' of entity 'slow_clk_tb' (VHDL-9006)
-- Analyzing VHDL file "C:/Users/User/Desktop/normal_process/normal_process/normal_process.srcs/sim_1/new/Address_Selector_TB.vhd" into library xil_defaultlib (VHDL-9003)
INFO: analyzing entity 'Address_Selector_TB' (VHDL-1012)
INFO: analyzing architecture 'Behavioral' of entity 'address_selector_tb' (VHDL-9006)
-- Analyzing VHDL file "C:/Users/User/Desktop/normal_process/normal_process/normal_process.srcs/sim_1/new/Load_Selector_TB.vhd" into library xil_defaultlib (VHDL-9003)
INFO: analyzing entity 'Load_Selector_TB' (VHDL-1012)
INFO: analyzing architecture 'Behavioral' of entity 'load_selector_tb' (VHDL-9006)
-- Analyzing VHDL file "C:/Users/User/Desktop/normal_process/normal_process/normal_process.srcs/sim_1/new/LUT_16_7_TB.vhd" into library xil_defaultlib (VHDL-9003)
INFO: analyzing entity 'LUT_16_7_TB' (VHDL-1012)
INFO: analyzing architecture 'Behavioral' of entity 'lut_16_7_tb' (VHDL-9006)
-- Analyzing VHDL file "C:/Users/User/Desktop/normal_process/normal_process/normal_process.srcs/sim_1/new/Add_Sub_4_TB.vhd" into library xil_defaultlib (VHDL-9003)
INFO: analyzing entity 'Add_Sub_4_bit_TB' (VHDL-1012)
INFO: analyzing architecture 'Behavioral' of entity 'add_sub_4_bit_tb' (VHDL-9006)
-- Analyzing VHDL file "C:/Users/User/Desktop/normal_process/normal_process/normal_process.srcs/sim_1/new/NanoProcessor_TB.vhd" into library xil_defaultlib (VHDL-9003)
INFO: analyzing entity 'NanoProcessor_TB' (VHDL-1012)
INFO: analyzing architecture 'Behavioral' of entity 'nanoprocessor_tb' (VHDL-9006)
-- Analyzing VHDL file "C:/Users/User/Desktop/normal_process/normal_process/normal_process.srcs/sim_1/new/Program_ROM_TB.vhd" into library xil_defaultlib (VHDL-9003)
INFO: analyzing entity 'Program_ROM_TB' (VHDL-1012)
INFO: analyzing architecture 'Behavioral' of entity 'program_rom_tb' (VHDL-9006)
-- Analyzing VHDL file "C:/Users/User/Desktop/normal_process/normal_process/normal_process.srcs/sim_1/new/InstructionDecoder_TB.vhd" into library xil_defaultlib (VHDL-9003)
INFO: analyzing entity 'Instruction_Decoder_TB' (VHDL-1012)
INFO: analyzing architecture 'Behavioral' of entity 'instruction_decoder_tb' (VHDL-9006)
-- Analyzing VHDL file "C:/Users/User/AppData/Local/Temp/VivadoEditorAssist3891329590369512405.tmp" into library xil_defaultlib (VHDL-9003)
INFO: analyzing entity 'Program_Counter_TB' (VHDL-1012)
INFO: analyzing architecture 'Behavioral' of entity 'program_counter_tb' (VHDL-9006)
-- Analyzing VHDL file "C:/Users/User/AppData/Local/Temp/VivadoEditorAssist13546022477785693645.tmp" into library xil_defaultlib (VHDL-9003)
INFO: analyzing entity 'Register_Bank_TB' (VHDL-1012)
INFO: analyzing architecture 'Behavioral' of entity 'register_bank_tb' (VHDL-9006)
srcscan exits with return value 0
