
*** Running vivado
    with args -log Nano_processor.vds -m64 -product Vivado -mode batch -messageDb vivado.pb -notrace -source Nano_processor.tcl



****** Vivado v2025.2 (64-bit)
  **** SW Build 6299465 on Fri Nov 14 19:35:11 GMT 2025
  **** IP Build 6300035 on Fri Nov 14 10:48:45 MST 2025
  **** SharedData Build 6298862 on Thu Nov 13 04:50:51 MST 2025
  **** Start of session at: Mon May 11 17:11:25 2026
    ** Copyright 1986-2022 Xilinx, Inc. All Rights Reserved.
    ** Copyright 2022-2025 Advanced Micro Devices, Inc. All Rights Reserved.

source Nano_processor.tcl -notrace
create_project: Time (s): cpu = 00:00:07 ; elapsed = 00:00:06 . Memory (MB): peak = 532.328 ; gain = 221.195
Command: synth_design -top Nano_processor -part xc7a35tcpg236-1
Starting synth_design
Attempting to get a license for feature 'Synthesis' and/or device 'xc7a35t'
INFO: [Common 17-349] Got license for feature 'Synthesis' and/or device 'xc7a35t'
INFO: [Device 21-403] Loading part xc7a35tcpg236-1
INFO: [Synth 8-7079] Multithreading enabled for synth_design using a maximum of 2 processes.
INFO: [Synth 8-7078] Launching helper process for spawning children vivado processes
INFO: [Synth 8-7075] Helper process launched with PID 7396
---------------------------------------------------------------------------------
Starting RTL Elaboration : Time (s): cpu = 00:00:04 ; elapsed = 00:00:04 . Memory (MB): peak = 1269.477 ; gain = 542.715
---------------------------------------------------------------------------------
INFO: [Synth 8-638] synthesizing module 'Nano_processor' [D:/CODDFIN/Sivakumaran_Fixed/Sivakumaran_Fixed.srcs/sources_1/imports/design_sources/Nano_processor.vhd:17]
INFO: [Synth 8-3491] module 'Slow_Clk' declared at 'D:/CODDFIN/Sivakumaran_Fixed/Sivakumaran_Fixed.srcs/sources_1/imports/design_sources/Slow_Clk.vhd:5' bound to instance 'U_Slow' of component 'Slow_Clk' [D:/CODDFIN/Sivakumaran_Fixed/Sivakumaran_Fixed.srcs/sources_1/imports/design_sources/Nano_processor.vhd:68]
INFO: [Synth 8-638] synthesizing module 'Slow_Clk' [D:/CODDFIN/Sivakumaran_Fixed/Sivakumaran_Fixed.srcs/sources_1/imports/design_sources/Slow_Clk.vhd:13]
INFO: [Synth 8-256] done synthesizing module 'Slow_Clk' (0#1) [D:/CODDFIN/Sivakumaran_Fixed/Sivakumaran_Fixed.srcs/sources_1/imports/design_sources/Slow_Clk.vhd:13]
INFO: [Synth 8-3491] module 'Program_counter' declared at 'D:/CODDFIN/Sivakumaran_Fixed/Sivakumaran_Fixed.srcs/sources_1/imports/design_sources/Program_counter.vhd:4' bound to instance 'U_PC' of component 'Program_counter' [D:/CODDFIN/Sivakumaran_Fixed/Sivakumaran_Fixed.srcs/sources_1/imports/design_sources/Nano_processor.vhd:69]
INFO: [Synth 8-638] synthesizing module 'Program_counter' [D:/CODDFIN/Sivakumaran_Fixed/Sivakumaran_Fixed.srcs/sources_1/imports/design_sources/Program_counter.vhd:13]
INFO: [Synth 8-256] done synthesizing module 'Program_counter' (0#1) [D:/CODDFIN/Sivakumaran_Fixed/Sivakumaran_Fixed.srcs/sources_1/imports/design_sources/Program_counter.vhd:13]
INFO: [Synth 8-3491] module 'Program_Rom' declared at 'D:/CODDFIN/Sivakumaran_Fixed/Sivakumaran_Fixed.srcs/sources_1/imports/design_sources/Program_Rom.vhd:5' bound to instance 'U_ROM' of component 'Program_Rom' [D:/CODDFIN/Sivakumaran_Fixed/Sivakumaran_Fixed.srcs/sources_1/imports/design_sources/Nano_processor.vhd:70]
INFO: [Synth 8-638] synthesizing module 'Program_Rom' [D:/CODDFIN/Sivakumaran_Fixed/Sivakumaran_Fixed.srcs/sources_1/imports/design_sources/Program_Rom.vhd:12]
INFO: [Synth 8-256] done synthesizing module 'Program_Rom' (0#1) [D:/CODDFIN/Sivakumaran_Fixed/Sivakumaran_Fixed.srcs/sources_1/imports/design_sources/Program_Rom.vhd:12]
INFO: [Synth 8-3491] module 'Instruction_decoder' declared at 'D:/CODDFIN/Sivakumaran_Fixed/Sivakumaran_Fixed.srcs/sources_1/imports/design_sources/Instruction_decoder.vhd:4' bound to instance 'U_Dec' of component 'Instruction_decoder' [D:/CODDFIN/Sivakumaran_Fixed/Sivakumaran_Fixed.srcs/sources_1/imports/design_sources/Nano_processor.vhd:72]
INFO: [Synth 8-638] synthesizing module 'Instruction_decoder' [D:/CODDFIN/Sivakumaran_Fixed/Sivakumaran_Fixed.srcs/sources_1/imports/design_sources/Instruction_decoder.vhd:19]
INFO: [Synth 8-256] done synthesizing module 'Instruction_decoder' (0#1) [D:/CODDFIN/Sivakumaran_Fixed/Sivakumaran_Fixed.srcs/sources_1/imports/design_sources/Instruction_decoder.vhd:19]
INFO: [Synth 8-3491] module 'RCA_3' declared at 'D:/CODDFIN/Sivakumaran_Fixed/Sivakumaran_Fixed.srcs/sources_1/imports/design_sources/RCA_3.vhd:4' bound to instance 'U_PC_ADD' of component 'RCA_3' [D:/CODDFIN/Sivakumaran_Fixed/Sivakumaran_Fixed.srcs/sources_1/imports/design_sources/Nano_processor.vhd:77]
INFO: [Synth 8-638] synthesizing module 'RCA_3' [D:/CODDFIN/Sivakumaran_Fixed/Sivakumaran_Fixed.srcs/sources_1/imports/design_sources/RCA_3.vhd:12]
INFO: [Synth 8-256] done synthesizing module 'RCA_3' (0#1) [D:/CODDFIN/Sivakumaran_Fixed/Sivakumaran_Fixed.srcs/sources_1/imports/design_sources/RCA_3.vhd:12]
INFO: [Synth 8-3491] module 'MUX_2way_3bit' declared at 'D:/CODDFIN/Sivakumaran_Fixed/Sivakumaran_Fixed.srcs/sources_1/imports/design_sources/MUX_2way_3bit.vhd:4' bound to instance 'U_PC_MUX' of component 'MUX_2way_3bit' [D:/CODDFIN/Sivakumaran_Fixed/Sivakumaran_Fixed.srcs/sources_1/imports/design_sources/Nano_processor.vhd:78]
INFO: [Synth 8-638] synthesizing module 'MUX_2way_3bit' [D:/CODDFIN/Sivakumaran_Fixed/Sivakumaran_Fixed.srcs/sources_1/imports/design_sources/MUX_2way_3bit.vhd:13]
INFO: [Synth 8-256] done synthesizing module 'MUX_2way_3bit' (0#1) [D:/CODDFIN/Sivakumaran_Fixed/Sivakumaran_Fixed.srcs/sources_1/imports/design_sources/MUX_2way_3bit.vhd:13]
INFO: [Synth 8-3491] module 'Reg_bank_8' declared at 'D:/CODDFIN/Sivakumaran_Fixed/Sivakumaran_Fixed.srcs/sources_1/imports/design_sources/Reg_bank_8.vhd:4' bound to instance 'U_REGS' of component 'Reg_bank_8' [D:/CODDFIN/Sivakumaran_Fixed/Sivakumaran_Fixed.srcs/sources_1/imports/design_sources/Nano_processor.vhd:80]
INFO: [Synth 8-638] synthesizing module 'Reg_bank_8' [D:/CODDFIN/Sivakumaran_Fixed/Sivakumaran_Fixed.srcs/sources_1/imports/design_sources/Reg_bank_8.vhd:21]
INFO: [Synth 8-3491] module 'Decoder_3_to_8' declared at 'D:/CODDFIN/Sivakumaran_Fixed/Sivakumaran_Fixed.srcs/sources_1/imports/design_sources/Decoder_3_to_8.vhd:4' bound to instance 'Dec0' of component 'Decoder_3_to_8' [D:/CODDFIN/Sivakumaran_Fixed/Sivakumaran_Fixed.srcs/sources_1/imports/design_sources/Reg_bank_8.vhd:30]
INFO: [Synth 8-638] synthesizing module 'Decoder_3_to_8' [D:/CODDFIN/Sivakumaran_Fixed/Sivakumaran_Fixed.srcs/sources_1/imports/design_sources/Decoder_3_to_8.vhd:11]
INFO: [Synth 8-256] done synthesizing module 'Decoder_3_to_8' (0#1) [D:/CODDFIN/Sivakumaran_Fixed/Sivakumaran_Fixed.srcs/sources_1/imports/design_sources/Decoder_3_to_8.vhd:11]
INFO: [Synth 8-3491] module 'Reg' declared at 'D:/CODDFIN/Sivakumaran_Fixed/Sivakumaran_Fixed.srcs/sources_1/imports/design_sources/Reg.vhd:4' bound to instance 'R1' of component 'Reg' [D:/CODDFIN/Sivakumaran_Fixed/Sivakumaran_Fixed.srcs/sources_1/imports/design_sources/Reg_bank_8.vhd:34]
INFO: [Synth 8-638] synthesizing module 'Reg' [D:/CODDFIN/Sivakumaran_Fixed/Sivakumaran_Fixed.srcs/sources_1/imports/design_sources/Reg.vhd:14]
INFO: [Synth 8-256] done synthesizing module 'Reg' (0#1) [D:/CODDFIN/Sivakumaran_Fixed/Sivakumaran_Fixed.srcs/sources_1/imports/design_sources/Reg.vhd:14]
INFO: [Synth 8-3491] module 'Reg' declared at 'D:/CODDFIN/Sivakumaran_Fixed/Sivakumaran_Fixed.srcs/sources_1/imports/design_sources/Reg.vhd:4' bound to instance 'R2' of component 'Reg' [D:/CODDFIN/Sivakumaran_Fixed/Sivakumaran_Fixed.srcs/sources_1/imports/design_sources/Reg_bank_8.vhd:35]
INFO: [Synth 8-3491] module 'Reg' declared at 'D:/CODDFIN/Sivakumaran_Fixed/Sivakumaran_Fixed.srcs/sources_1/imports/design_sources/Reg.vhd:4' bound to instance 'R3' of component 'Reg' [D:/CODDFIN/Sivakumaran_Fixed/Sivakumaran_Fixed.srcs/sources_1/imports/design_sources/Reg_bank_8.vhd:36]
INFO: [Synth 8-3491] module 'Reg' declared at 'D:/CODDFIN/Sivakumaran_Fixed/Sivakumaran_Fixed.srcs/sources_1/imports/design_sources/Reg.vhd:4' bound to instance 'R4' of component 'Reg' [D:/CODDFIN/Sivakumaran_Fixed/Sivakumaran_Fixed.srcs/sources_1/imports/design_sources/Reg_bank_8.vhd:37]
INFO: [Synth 8-3491] module 'Reg' declared at 'D:/CODDFIN/Sivakumaran_Fixed/Sivakumaran_Fixed.srcs/sources_1/imports/design_sources/Reg.vhd:4' bound to instance 'R5' of component 'Reg' [D:/CODDFIN/Sivakumaran_Fixed/Sivakumaran_Fixed.srcs/sources_1/imports/design_sources/Reg_bank_8.vhd:38]
INFO: [Synth 8-3491] module 'Reg' declared at 'D:/CODDFIN/Sivakumaran_Fixed/Sivakumaran_Fixed.srcs/sources_1/imports/design_sources/Reg.vhd:4' bound to instance 'R6' of component 'Reg' [D:/CODDFIN/Sivakumaran_Fixed/Sivakumaran_Fixed.srcs/sources_1/imports/design_sources/Reg_bank_8.vhd:39]
INFO: [Synth 8-3491] module 'Reg' declared at 'D:/CODDFIN/Sivakumaran_Fixed/Sivakumaran_Fixed.srcs/sources_1/imports/design_sources/Reg.vhd:4' bound to instance 'R7' of component 'Reg' [D:/CODDFIN/Sivakumaran_Fixed/Sivakumaran_Fixed.srcs/sources_1/imports/design_sources/Reg_bank_8.vhd:40]
INFO: [Synth 8-256] done synthesizing module 'Reg_bank_8' (0#1) [D:/CODDFIN/Sivakumaran_Fixed/Sivakumaran_Fixed.srcs/sources_1/imports/design_sources/Reg_bank_8.vhd:21]
INFO: [Synth 8-3491] module 'MUX_8way_4bit' declared at 'D:/CODDFIN/Sivakumaran_Fixed/Sivakumaran_Fixed.srcs/sources_1/imports/design_sources/MUX_8way_4bit.vhd:4' bound to instance 'U_MUX_A' of component 'MUX_8way_4bit' [D:/CODDFIN/Sivakumaran_Fixed/Sivakumaran_Fixed.srcs/sources_1/imports/design_sources/Nano_processor.vhd:85]
INFO: [Synth 8-638] synthesizing module 'MUX_8way_4bit' [D:/CODDFIN/Sivakumaran_Fixed/Sivakumaran_Fixed.srcs/sources_1/imports/design_sources/MUX_8way_4bit.vhd:12]
INFO: [Synth 8-256] done synthesizing module 'MUX_8way_4bit' (0#1) [D:/CODDFIN/Sivakumaran_Fixed/Sivakumaran_Fixed.srcs/sources_1/imports/design_sources/MUX_8way_4bit.vhd:12]
INFO: [Synth 8-3491] module 'MUX_8way_4bit' declared at 'D:/CODDFIN/Sivakumaran_Fixed/Sivakumaran_Fixed.srcs/sources_1/imports/design_sources/MUX_8way_4bit.vhd:4' bound to instance 'U_MUX_B' of component 'MUX_8way_4bit' [D:/CODDFIN/Sivakumaran_Fixed/Sivakumaran_Fixed.srcs/sources_1/imports/design_sources/Nano_processor.vhd:86]
INFO: [Synth 8-3491] module 'RCA_4' declared at 'D:/CODDFIN/Sivakumaran_Fixed/Sivakumaran_Fixed.srcs/sources_1/imports/design_sources/RCA_4.vhd:4' bound to instance 'U_ALU' of component 'RCA_4' [D:/CODDFIN/Sivakumaran_Fixed/Sivakumaran_Fixed.srcs/sources_1/imports/design_sources/Nano_processor.vhd:87]
INFO: [Synth 8-638] synthesizing module 'RCA_4' [D:/CODDFIN/Sivakumaran_Fixed/Sivakumaran_Fixed.srcs/sources_1/imports/design_sources/RCA_4.vhd:15]
INFO: [Synth 8-3491] module 'FA' declared at 'D:/CODDFIN/Sivakumaran_Fixed/Sivakumaran_Fixed.srcs/sources_1/imports/design_sources/FA.vhd:4' bound to instance 'FA0' of component 'FA' [D:/CODDFIN/Sivakumaran_Fixed/Sivakumaran_Fixed.srcs/sources_1/imports/design_sources/RCA_4.vhd:26]
INFO: [Synth 8-638] synthesizing module 'FA' [D:/CODDFIN/Sivakumaran_Fixed/Sivakumaran_Fixed.srcs/sources_1/imports/design_sources/FA.vhd:14]
INFO: [Synth 8-256] done synthesizing module 'FA' (0#1) [D:/CODDFIN/Sivakumaran_Fixed/Sivakumaran_Fixed.srcs/sources_1/imports/design_sources/FA.vhd:14]
INFO: [Synth 8-3491] module 'FA' declared at 'D:/CODDFIN/Sivakumaran_Fixed/Sivakumaran_Fixed.srcs/sources_1/imports/design_sources/FA.vhd:4' bound to instance 'FA1' of component 'FA' [D:/CODDFIN/Sivakumaran_Fixed/Sivakumaran_Fixed.srcs/sources_1/imports/design_sources/RCA_4.vhd:27]
INFO: [Synth 8-3491] module 'FA' declared at 'D:/CODDFIN/Sivakumaran_Fixed/Sivakumaran_Fixed.srcs/sources_1/imports/design_sources/FA.vhd:4' bound to instance 'FA2' of component 'FA' [D:/CODDFIN/Sivakumaran_Fixed/Sivakumaran_Fixed.srcs/sources_1/imports/design_sources/RCA_4.vhd:28]
INFO: [Synth 8-3491] module 'FA' declared at 'D:/CODDFIN/Sivakumaran_Fixed/Sivakumaran_Fixed.srcs/sources_1/imports/design_sources/FA.vhd:4' bound to instance 'FA3' of component 'FA' [D:/CODDFIN/Sivakumaran_Fixed/Sivakumaran_Fixed.srcs/sources_1/imports/design_sources/RCA_4.vhd:29]
INFO: [Synth 8-256] done synthesizing module 'RCA_4' (0#1) [D:/CODDFIN/Sivakumaran_Fixed/Sivakumaran_Fixed.srcs/sources_1/imports/design_sources/RCA_4.vhd:15]
INFO: [Synth 8-3491] module 'MUX_2way_4bit' declared at 'D:/CODDFIN/Sivakumaran_Fixed/Sivakumaran_Fixed.srcs/sources_1/imports/design_sources/MUX_2way_4bit.vhd:4' bound to instance 'U_LOAD_MUX' of component 'MUX_2way_4bit' [D:/CODDFIN/Sivakumaran_Fixed/Sivakumaran_Fixed.srcs/sources_1/imports/design_sources/Nano_processor.vhd:88]
INFO: [Synth 8-638] synthesizing module 'MUX_2way_4bit' [D:/CODDFIN/Sivakumaran_Fixed/Sivakumaran_Fixed.srcs/sources_1/imports/design_sources/MUX_2way_4bit.vhd:13]
INFO: [Synth 8-256] done synthesizing module 'MUX_2way_4bit' (0#1) [D:/CODDFIN/Sivakumaran_Fixed/Sivakumaran_Fixed.srcs/sources_1/imports/design_sources/MUX_2way_4bit.vhd:13]
INFO: [Synth 8-3491] module 'LUT_16_7' declared at 'D:/CODDFIN/Sivakumaran_Fixed/Sivakumaran_Fixed.srcs/sources_1/imports/design_sources/LUT_16_7.vhd:4' bound to instance 'U_7SEG' of component 'LUT_16_7' [D:/CODDFIN/Sivakumaran_Fixed/Sivakumaran_Fixed.srcs/sources_1/imports/design_sources/Nano_processor.vhd:89]
INFO: [Synth 8-638] synthesizing module 'LUT_16_7' [D:/CODDFIN/Sivakumaran_Fixed/Sivakumaran_Fixed.srcs/sources_1/imports/design_sources/LUT_16_7.vhd:11]
INFO: [Synth 8-256] done synthesizing module 'LUT_16_7' (0#1) [D:/CODDFIN/Sivakumaran_Fixed/Sivakumaran_Fixed.srcs/sources_1/imports/design_sources/LUT_16_7.vhd:11]
INFO: [Synth 8-256] done synthesizing module 'Nano_processor' (0#1) [D:/CODDFIN/Sivakumaran_Fixed/Sivakumaran_Fixed.srcs/sources_1/imports/design_sources/Nano_processor.vhd:17]
WARNING: [Synth 8-3917] design Nano_processor has port Anode[3] driven by constant 1
WARNING: [Synth 8-3917] design Nano_processor has port Anode[2] driven by constant 1
WARNING: [Synth 8-3917] design Nano_processor has port Anode[1] driven by constant 1
WARNING: [Synth 8-3917] design Nano_processor has port Anode[0] driven by constant 0
---------------------------------------------------------------------------------
Finished RTL Elaboration : Time (s): cpu = 00:00:05 ; elapsed = 00:00:05 . Memory (MB): peak = 1386.336 ; gain = 659.574
---------------------------------------------------------------------------------
---------------------------------------------------------------------------------
Start Handling Custom Attributes
---------------------------------------------------------------------------------
---------------------------------------------------------------------------------
Finished Handling Custom Attributes : Time (s): cpu = 00:00:05 ; elapsed = 00:00:05 . Memory (MB): peak = 1386.336 ; gain = 659.574
---------------------------------------------------------------------------------
---------------------------------------------------------------------------------
Finished RTL Optimization Phase 1 : Time (s): cpu = 00:00:05 ; elapsed = 00:00:05 . Memory (MB): peak = 1386.336 ; gain = 659.574
---------------------------------------------------------------------------------
Netlist sorting complete. Time (s): cpu = 00:00:00 ; elapsed = 00:00:00.002 . Memory (MB): peak = 1386.336 ; gain = 0.000
INFO: [Project 1-570] Preparing netlist for logic optimization

Processing XDC Constraints
Initializing timing engine
Parsing XDC File [D:/CODDFIN/Sivakumaran_Fixed/Sivakumaran_Fixed.srcs/constrs_1/imports/new/Basys3.xdc]
Finished Parsing XDC File [D:/CODDFIN/Sivakumaran_Fixed/Sivakumaran_Fixed.srcs/constrs_1/imports/new/Basys3.xdc]
INFO: [Project 1-236] Implementation specific constraints were found while reading constraint file [D:/CODDFIN/Sivakumaran_Fixed/Sivakumaran_Fixed.srcs/constrs_1/imports/new/Basys3.xdc]. These constraints will be ignored for synthesis but will be used in implementation. Impacted constraints are listed in the file [.Xil/Nano_processor_propImpl.xdc].
Resolution: To avoid this warning, move constraints listed in [.Xil/Nano_processor_propImpl.xdc] to another XDC file and exclude this new file from synthesis with the used_in_synthesis property (File Properties dialog in GUI) and re-run elaboration/synthesis.
Completed Processing XDC Constraints

Netlist sorting complete. Time (s): cpu = 00:00:00 ; elapsed = 00:00:00 . Memory (MB): peak = 1453.680 ; gain = 0.000
INFO: [Project 1-111] Unisim Transformation Summary:
No Unisim elements were transformed.

Constraint Validation Runtime : Time (s): cpu = 00:00:00 ; elapsed = 00:00:00.010 . Memory (MB): peak = 1453.680 ; gain = 0.000
---------------------------------------------------------------------------------
Finished Constraint Validation : Time (s): cpu = 00:00:11 ; elapsed = 00:00:11 . Memory (MB): peak = 1453.680 ; gain = 726.918
---------------------------------------------------------------------------------
---------------------------------------------------------------------------------
Start Loading Part and Timing Information
---------------------------------------------------------------------------------
Loading part: xc7a35tcpg236-1
---------------------------------------------------------------------------------
Finished Loading Part and Timing Information : Time (s): cpu = 00:00:11 ; elapsed = 00:00:11 . Memory (MB): peak = 1453.680 ; gain = 726.918
---------------------------------------------------------------------------------
---------------------------------------------------------------------------------
Start Applying 'set_property' XDC Constraints
---------------------------------------------------------------------------------
---------------------------------------------------------------------------------
Finished applying 'set_property' XDC Constraints : Time (s): cpu = 00:00:11 ; elapsed = 00:00:11 . Memory (MB): peak = 1453.680 ; gain = 726.918
---------------------------------------------------------------------------------
---------------------------------------------------------------------------------
Finished RTL Optimization Phase 2 : Time (s): cpu = 00:00:11 ; elapsed = 00:00:12 . Memory (MB): peak = 1453.680 ; gain = 726.918
---------------------------------------------------------------------------------
---------------------------------------------------------------------------------
Start RTL Component Statistics 
---------------------------------------------------------------------------------
Detailed RTL Component Info : 
+---Adders : 
	   2 Input   28 Bit       Adders := 1     
+---XORs : 
	   2 Input      4 Bit         XORs := 1     
	   3 Input      1 Bit         XORs := 6     
	   2 Input      1 Bit         XORs := 2     
+---Registers : 
	               28 Bit    Registers := 1     
	                4 Bit    Registers := 7     
	                3 Bit    Registers := 1     
	                1 Bit    Registers := 1     
+---Muxes : 
	   8 Input   12 Bit        Muxes := 1     
	   8 Input    8 Bit        Muxes := 1     
	   4 Input    4 Bit        Muxes := 1     
	   2 Input    4 Bit        Muxes := 1     
	   4 Input    3 Bit        Muxes := 4     
	   2 Input    3 Bit        Muxes := 1     
	   4 Input    1 Bit        Muxes := 2     
	   5 Input    1 Bit        Muxes := 1     
	   2 Input    1 Bit        Muxes := 1     
---------------------------------------------------------------------------------
Finished RTL Component Statistics 
---------------------------------------------------------------------------------
---------------------------------------------------------------------------------
Start Part Resource Summary
---------------------------------------------------------------------------------
Part Resources:
DSPs: 90 (col length:60)
BRAMs: 100 (col length: RAMB18 60 RAMB36 30)
---------------------------------------------------------------------------------
Finished Part Resource Summary
---------------------------------------------------------------------------------
---------------------------------------------------------------------------------
Start Cross Boundary and Area Optimization
---------------------------------------------------------------------------------
WARNING: [Synth 8-3917] design Nano_processor has port Anode[3] driven by constant 1
WARNING: [Synth 8-3917] design Nano_processor has port Anode[2] driven by constant 1
WARNING: [Synth 8-3917] design Nano_processor has port Anode[1] driven by constant 1
WARNING: [Synth 8-3917] design Nano_processor has port Anode[0] driven by constant 0
---------------------------------------------------------------------------------
Finished Cross Boundary and Area Optimization : Time (s): cpu = 00:00:13 ; elapsed = 00:00:13 . Memory (MB): peak = 1453.680 ; gain = 726.918
---------------------------------------------------------------------------------
---------------------------------------------------------------------------------
Start Applying XDC Timing Constraints
---------------------------------------------------------------------------------
---------------------------------------------------------------------------------
Finished Applying XDC Timing Constraints : Time (s): cpu = 00:00:17 ; elapsed = 00:00:17 . Memory (MB): peak = 1584.914 ; gain = 858.152
---------------------------------------------------------------------------------
---------------------------------------------------------------------------------
Start Timing Optimization
---------------------------------------------------------------------------------
---------------------------------------------------------------------------------
Finished Timing Optimization : Time (s): cpu = 00:00:17 ; elapsed = 00:00:18 . Memory (MB): peak = 1606.453 ; gain = 879.691
---------------------------------------------------------------------------------
---------------------------------------------------------------------------------
Start Technology Mapping
---------------------------------------------------------------------------------
---------------------------------------------------------------------------------
Finished Technology Mapping : Time (s): cpu = 00:00:17 ; elapsed = 00:00:18 . Memory (MB): peak = 1606.453 ; gain = 879.691
---------------------------------------------------------------------------------
---------------------------------------------------------------------------------
Start IO Insertion
---------------------------------------------------------------------------------
---------------------------------------------------------------------------------
Start Flattening Before IO Insertion
---------------------------------------------------------------------------------
---------------------------------------------------------------------------------
Finished Flattening Before IO Insertion
---------------------------------------------------------------------------------
---------------------------------------------------------------------------------
Start Final Netlist Cleanup
---------------------------------------------------------------------------------
---------------------------------------------------------------------------------
Finished Final Netlist Cleanup
---------------------------------------------------------------------------------
---------------------------------------------------------------------------------
Finished IO Insertion : Time (s): cpu = 00:00:19 ; elapsed = 00:00:20 . Memory (MB): peak = 1844.551 ; gain = 1117.789
---------------------------------------------------------------------------------
---------------------------------------------------------------------------------
Start Renaming Generated Instances
---------------------------------------------------------------------------------
---------------------------------------------------------------------------------
Finished Renaming Generated Instances : Time (s): cpu = 00:00:19 ; elapsed = 00:00:20 . Memory (MB): peak = 1844.551 ; gain = 1117.789
---------------------------------------------------------------------------------
---------------------------------------------------------------------------------
Start Rebuilding User Hierarchy
---------------------------------------------------------------------------------
---------------------------------------------------------------------------------
Finished Rebuilding User Hierarchy : Time (s): cpu = 00:00:19 ; elapsed = 00:00:20 . Memory (MB): peak = 1844.551 ; gain = 1117.789
---------------------------------------------------------------------------------
---------------------------------------------------------------------------------
Start Renaming Generated Ports
---------------------------------------------------------------------------------
---------------------------------------------------------------------------------
Finished Renaming Generated Ports : Time (s): cpu = 00:00:19 ; elapsed = 00:00:20 . Memory (MB): peak = 1844.551 ; gain = 1117.789
---------------------------------------------------------------------------------
---------------------------------------------------------------------------------
Start Handling Custom Attributes
---------------------------------------------------------------------------------
---------------------------------------------------------------------------------
Finished Handling Custom Attributes : Time (s): cpu = 00:00:19 ; elapsed = 00:00:20 . Memory (MB): peak = 1844.551 ; gain = 1117.789
---------------------------------------------------------------------------------
---------------------------------------------------------------------------------
Start Renaming Generated Nets
---------------------------------------------------------------------------------
---------------------------------------------------------------------------------
Finished Renaming Generated Nets : Time (s): cpu = 00:00:19 ; elapsed = 00:00:20 . Memory (MB): peak = 1844.551 ; gain = 1117.789
---------------------------------------------------------------------------------
---------------------------------------------------------------------------------
Start Writing Synthesis Report
---------------------------------------------------------------------------------

Report BlackBoxes: 
+-+--------------+----------+
| |BlackBox name |Instances |
+-+--------------+----------+
+-+--------------+----------+

Report Cell Usage: 
+------+-------+------+
|      |Cell   |Count |
+------+-------+------+
|1     |BUFG   |     1|
|2     |CARRY4 |     7|
|3     |LUT2   |     2|
|4     |LUT3   |     4|
|5     |LUT4   |    13|
|6     |LUT5   |    33|
|7     |LUT6   |     7|
|8     |FDCE   |    40|
|9     |IBUF   |     2|
|10    |OBUF   |    18|
+------+-------+------+
---------------------------------------------------------------------------------
Finished Writing Synthesis Report : Time (s): cpu = 00:00:19 ; elapsed = 00:00:20 . Memory (MB): peak = 1844.551 ; gain = 1117.789
---------------------------------------------------------------------------------
Synthesis finished with 0 errors, 0 critical warnings and 4 warnings.
Synthesis Optimization Runtime : Time (s): cpu = 00:00:12 ; elapsed = 00:00:19 . Memory (MB): peak = 1844.551 ; gain = 1050.445
Synthesis Optimization Complete : Time (s): cpu = 00:00:19 ; elapsed = 00:00:20 . Memory (MB): peak = 1844.551 ; gain = 1117.789
INFO: [Project 1-571] Translating synthesized netlist
Netlist sorting complete. Time (s): cpu = 00:00:00 ; elapsed = 00:00:00.001 . Memory (MB): peak = 1853.754 ; gain = 0.000
INFO: [Netlist 29-17] Analyzing 7 Unisim elements for replacement
INFO: [Netlist 29-28] Unisim Transformation completed in 0 CPU seconds
INFO: [Project 1-570] Preparing netlist for logic optimization
INFO: [Opt 31-138] Pushed 0 inverter(s) to 0 load pin(s).
Netlist sorting complete. Time (s): cpu = 00:00:00 ; elapsed = 00:00:00 . Memory (MB): peak = 1857.426 ; gain = 0.000
INFO: [Project 1-111] Unisim Transformation Summary:
No Unisim elements were transformed.

Synth Design complete | Checksum: 53571c33
INFO: [Common 17-83] Releasing license: Synthesis
69 Infos, 8 Warnings, 0 Critical Warnings and 0 Errors encountered.
synth_design completed successfully
synth_design: Time (s): cpu = 00:00:22 ; elapsed = 00:00:26 . Memory (MB): peak = 1857.426 ; gain = 1325.098
Write ShapeDB Complete: Time (s): cpu = 00:00:00 ; elapsed = 00:00:00.001 . Memory (MB): peak = 1857.426 ; gain = 0.000
INFO: [Common 17-1381] The checkpoint 'D:/CODDFIN/Sivakumaran_Fixed/Sivakumaran_Fixed.runs/synth_1/Nano_processor.dcp' has been generated.
INFO: [Vivado 12-24828] Executing command : report_utilization -file Nano_processor_utilization_synth.rpt -pb Nano_processor_utilization_synth.pb
INFO: [Common 17-206] Exiting Vivado at Mon May 11 17:12:03 2026...
